648 799 60 6336.4126 3640.4224 2894.4236 -183.0527 -168.2792
590 869 60 6431.0151 3689.0244 2897.8645 -110.2415 -107.7443
531 940 60 6872.1279 4002.4966 2920.1943 189.4534 150.6240