127 1085 99 5468.3936 3210.7102 2734.3577 -37.3545 10.2441
12 1231 99 5012.9111 2899.1692 2654.5000 12.9111 12.4178
0 0 0 5000.0000 2886.7515 2654.5000 0.0000 0.0000