360 798 100 696.4910 213.0000 1974.9760 -291.3758 -130.2502
377 812 100 352.7597 190.7874 1920.7008 -287.6214 -129.4456
394 826 100 608.4360 273.3060 1961.0720 -639.2580 -202.3172
411 840 100 4480.7100 2392.3118 2799.9143 -1440.2162 -731.7661
428 855 100 4756.3052 2569.0791 2830.4644 -1358.0992 -725.3178
446 869 100 4604.6807 2602.6082 2764.7466 -1093.5242 -485.6929
463 883 100 4129.1777 2521.4910 2696.2083 -1134.9659 -505.5679
480 897 100 3387.4800 2095.4756 2639.1914 -1515.5692 -942.3932
497 911 100 2990.0322 1822.1514 2572.6021 -1491.2972 -980.8516
514 925 100 3905.8008 2382.5222 2664.9905 -1160.6364 -708.6656
531 940 100 4106.7764 2524.0005 2695.4492 -1152.5597 -728.5266